timeout : ERROR: Invalid syntax. Default option is not allowed more than '1' time(s).
At line:1 char:1
+ timeout 30 python -m pytest --co --tb=no -q 2>errors.txt 1>collected. ...
+ ~~~~~~~~~~~~~~~~~~~~~~~~~~~~~~~~~~~~~~~~~~~~~~~~~~~~~~~~~~~~~~~~~~~~~
    + CategoryInfo          : NotSpecified: (ERROR: Invalid ...an '1' time(s).:String) [], Remot 
   eException
    + FullyQualifiedErrorId : NativeCommandError
 
Type "TIMEOUT /?" for usage.
